CS Projects:

TestApp.Lib                              => <depends_on_the_installation>\slnlauncher\Test\Stimuli\TestApp\Lib\TestApp.Lib.csproj
TestApp.Lib.Test                         => <depends_on_the_installation>\slnlauncher\Test\Stimuli\TestApp\Lib\Test\TestApp.Lib.Test.csproj
TestApp.UiUnformattedProj                => <depends_on_the_installation>\slnlauncher\Test\Stimuli\TestApp\Ui\TestApp.UiUnformattedProj.csproj

CS Projects imported for debugging:

------------------------------------

NuGet packages:

Newtonsoft.Json V9.0.1 netstandard1.0    => C:\Nugetcache\Newtonsoft.Json.9.0.1\lib\netstandard1.0 [DotNetImplementationAssembly]
    | Microsoft.CSharp     => [4.0.1, ) [DotNetImplementationAssembly]
    | System.Collections   => [4.0.11, ) [DotNetImplementationAssembly]
    | System.Diagnostics.Debug => [4.0.11, ) [DotNetImplementationAssembly]
    | System.Dynamic.Runtime => [4.0.11, ) [DotNetImplementationAssembly]
    | System.Globalization => [4.0.11, ) [DotNetImplementationAssembly]
    | System.IO            => [4.1.0, ) [DotNetImplementationAssembly]
    | System.Linq          => [4.1.0, ) [DotNetImplementationAssembly]
    | System.Linq.Expressions => [4.1.0, ) [DotNetImplementationAssembly]
    | System.ObjectModel   => [4.0.12, ) [DotNetImplementationAssembly]
    | System.Reflection    => [4.1.0, ) [DotNetImplementationAssembly]
    | System.Reflection.Extensions => [4.0.1, ) [DotNetImplementationAssembly]
    | System.Resources.ResourceManager => [4.0.1, ) [DotNetImplementationAssembly]
    | System.Runtime       => [4.1.0, ) [DotNetImplementationAssembly]
    | System.Runtime.Extensions => [4.1.0, ) [DotNetImplementationAssembly]
    | System.Runtime.Serialization.Primitives => [4.1.1, ) [DotNetImplementationAssembly]
    | System.Text.Encoding => [4.0.11, ) [DotNetImplementationAssembly]
    | System.Text.Encoding.Extensions => [4.0.11, ) [DotNetImplementationAssembly]
    | System.Text.RegularExpressions => [4.1.0, ) [DotNetImplementationAssembly]
    | System.Threading     => [4.0.11, ) [DotNetImplementationAssembly]
    | System.Threading.Tasks => [4.0.11, ) [DotNetImplementationAssembly]
    | System.Xml.ReaderWriter => [4.0.11, ) [DotNetImplementationAssembly]
    | System.Xml.XDocument => [4.0.11, ) [DotNetImplementationAssembly]
Microsoft.CSharp V4.0.1 netstandard1.0   => C:\Nugetcache\Microsoft.CSharp.4.0.1\ref\netstandard1.0 [DotNetCompileTimeAssembly]
    | System.Dynamic.Runtime => [4.0.11, ) [DotNetCompileTimeAssembly]
    | System.Linq.Expressions => [4.1.0, ) [DotNetCompileTimeAssembly]
    | System.Runtime       => [4.1.0, ) [DotNetCompileTimeAssembly]
System.Dynamic.Runtime V4.0.11 netstandard1.0 => C:\Nugetcache\System.Dynamic.Runtime.4.0.11\ref\netstandard1.0 [DotNetCompileTimeAssembly]
    | System.Linq.Expressions => [4.1.0, ) [DotNetCompileTimeAssembly]
    | System.ObjectModel   => [4.0.12, ) [DotNetCompileTimeAssembly]
    | System.Reflection    => [4.1.0, ) [DotNetCompileTimeAssembly]
    | System.Runtime       => [4.1.0, ) [DotNetCompileTimeAssembly]
System.Linq.Expressions V4.1.0 netstandard1.0 => C:\Nugetcache\System.Linq.Expressions.4.1.0\ref\netstandard1.0 [DotNetCompileTimeAssembly]
    | System.Reflection    => [4.1.0, ) [DotNetCompileTimeAssembly]
    | System.Runtime       => [4.1.0, ) [DotNetCompileTimeAssembly]
System.Reflection V4.1.0 netstandard1.0  => C:\Nugetcache\System.Reflection.4.1.0\ref\netstandard1.0 [DotNetCompileTimeAssembly]
    | Microsoft.NETCore.Platforms => [1.0.1, ) [DotNetCompileTimeAssembly]
    | Microsoft.NETCore.Targets => [1.0.1, ) [DotNetCompileTimeAssembly]
    | System.IO            => [4.1.0, ) [DotNetCompileTimeAssembly]
    | System.Reflection.Primitives => [4.0.1, ) [DotNetCompileTimeAssembly]
    | System.Runtime       => [4.1.0, ) [DotNetCompileTimeAssembly]
Microsoft.NETCore.Platforms V1.0.1 netstandard1.0 => C:\Nugetcache\Microsoft.NETCore.Platforms.1.0.1\lib\netstandard1.0 [DotNetImplementationAssembly]
Microsoft.NETCore.Targets V1.0.1 netstandard1.0 => C:\Nugetcache\Microsoft.NETCore.Targets.1.0.1\lib\netstandard1.0 [DotNetImplementationAssembly]
System.IO V4.1.0 netstandard1.0          => C:\Nugetcache\System.IO.4.1.0\ref\netstandard1.0 [DotNetCompileTimeAssembly]
    | Microsoft.NETCore.Platforms => [1.0.1, ) [DotNetCompileTimeAssembly]
    | Microsoft.NETCore.Targets => [1.0.1, ) [DotNetCompileTimeAssembly]
    | System.Runtime       => [4.1.0, ) [DotNetCompileTimeAssembly]
    | System.Text.Encoding => [4.0.11, ) [DotNetCompileTimeAssembly]
    | System.Threading.Tasks => [4.0.11, ) [DotNetCompileTimeAssembly]
System.Runtime V4.1.0 netstandard1.0     => C:\Nugetcache\System.Runtime.4.1.0\ref\netstandard1.0 [DotNetCompileTimeAssembly]
    | Microsoft.NETCore.Platforms => [1.0.1, ) [DotNetCompileTimeAssembly]
    | Microsoft.NETCore.Targets => [1.0.1, ) [DotNetCompileTimeAssembly]
System.Text.Encoding V4.0.11 netstandard1.0 => C:\Nugetcache\System.Text.Encoding.4.0.11\ref\netstandard1.0 [DotNetCompileTimeAssembly]
    | Microsoft.NETCore.Platforms => [1.0.1, ) [DotNetCompileTimeAssembly]
    | Microsoft.NETCore.Targets => [1.0.1, ) [DotNetCompileTimeAssembly]
    | System.Runtime       => [4.1.0, ) [DotNetCompileTimeAssembly]
System.Threading.Tasks V4.0.11 netstandard1.0 => C:\Nugetcache\System.Threading.Tasks.4.0.11\ref\netstandard1.0 [DotNetCompileTimeAssembly]
    | Microsoft.NETCore.Platforms => [1.0.1, ) [DotNetCompileTimeAssembly]
    | Microsoft.NETCore.Targets => [1.0.1, ) [DotNetCompileTimeAssembly]
    | System.Runtime       => [4.1.0, ) [DotNetCompileTimeAssembly]
System.Reflection.Primitives V4.0.1 netstandard1.0 => C:\Nugetcache\System.Reflection.Primitives.4.0.1\ref\netstandard1.0 [DotNetCompileTimeAssembly]
    | Microsoft.NETCore.Platforms => [1.0.1, ) [DotNetCompileTimeAssembly]
    | Microsoft.NETCore.Targets => [1.0.1, ) [DotNetCompileTimeAssembly]
    | System.Runtime       => [4.1.0, ) [DotNetCompileTimeAssembly]
System.ObjectModel V4.0.12 netstandard1.0 => C:\Nugetcache\System.ObjectModel.4.0.12\ref\netstandard1.0 [DotNetCompileTimeAssembly]
    | System.Runtime       => [4.1.0, ) [DotNetCompileTimeAssembly]
System.Collections V4.0.11 netstandard1.0 => C:\Nugetcache\System.Collections.4.0.11\ref\netstandard1.0 [DotNetCompileTimeAssembly]
    | Microsoft.NETCore.Platforms => [1.0.1, ) [DotNetCompileTimeAssembly]
    | Microsoft.NETCore.Targets => [1.0.1, ) [DotNetCompileTimeAssembly]
    | System.Runtime       => [4.1.0, ) [DotNetCompileTimeAssembly]
System.Diagnostics.Debug V4.0.11 netstandard1.0 => C:\Nugetcache\System.Diagnostics.Debug.4.0.11\ref\netstandard1.0 [DotNetCompileTimeAssembly]
    | Microsoft.NETCore.Platforms => [1.0.1, ) [DotNetCompileTimeAssembly]
    | Microsoft.NETCore.Targets => [1.0.1, ) [DotNetCompileTimeAssembly]
    | System.Runtime       => [4.1.0, ) [DotNetCompileTimeAssembly]
System.Globalization V4.0.11 netstandard1.0 => C:\Nugetcache\System.Globalization.4.0.11\ref\netstandard1.0 [DotNetCompileTimeAssembly]
    | Microsoft.NETCore.Platforms => [1.0.1, ) [DotNetCompileTimeAssembly]
    | Microsoft.NETCore.Targets => [1.0.1, ) [DotNetCompileTimeAssembly]
    | System.Runtime       => [4.1.0, ) [DotNetCompileTimeAssembly]
System.Linq V4.1.0 netstandard1.0        => C:\Nugetcache\System.Linq.4.1.0\ref\netstandard1.0 [DotNetCompileTimeAssembly]
    | System.Collections   => [4.0.11, ) [DotNetCompileTimeAssembly]
    | System.Runtime       => [4.1.0, ) [DotNetCompileTimeAssembly]
System.Reflection.Extensions V4.0.1 netstandard1.0 => C:\Nugetcache\System.Reflection.Extensions.4.0.1\ref\netstandard1.0 [DotNetCompileTimeAssembly]
    | Microsoft.NETCore.Platforms => [1.0.1, ) [DotNetCompileTimeAssembly]
    | Microsoft.NETCore.Targets => [1.0.1, ) [DotNetCompileTimeAssembly]
    | System.Reflection    => [4.1.0, ) [DotNetCompileTimeAssembly]
    | System.Runtime       => [4.1.0, ) [DotNetCompileTimeAssembly]
System.Resources.ResourceManager V4.0.1 netstandard1.0 => C:\Nugetcache\System.Resources.ResourceManager.4.0.1\ref\netstandard1.0 [DotNetCompileTimeAssembly]
    | Microsoft.NETCore.Platforms => [1.0.1, ) [DotNetCompileTimeAssembly]
    | Microsoft.NETCore.Targets => [1.0.1, ) [DotNetCompileTimeAssembly]
    | System.Globalization => [4.0.11, ) [DotNetCompileTimeAssembly]
    | System.Reflection    => [4.1.0, ) [DotNetCompileTimeAssembly]
    | System.Runtime       => [4.1.0, ) [DotNetCompileTimeAssembly]
System.Runtime.Extensions V4.1.0 netstandard1.0 => C:\Nugetcache\System.Runtime.Extensions.4.1.0\ref\netstandard1.0 [DotNetCompileTimeAssembly]
    | Microsoft.NETCore.Platforms => [1.0.1, ) [DotNetCompileTimeAssembly]
    | Microsoft.NETCore.Targets => [1.0.1, ) [DotNetCompileTimeAssembly]
    | System.Runtime       => [4.1.0, ) [DotNetCompileTimeAssembly]
System.Runtime.Serialization.Primitives V4.1.1 netstandard1.0 => C:\Nugetcache\System.Runtime.Serialization.Primitives.4.1.1\ref\netstandard1.0 [DotNetCompileTimeAssembly]
    | System.Runtime       => [4.1.0, ) [DotNetCompileTimeAssembly]
System.Text.Encoding.Extensions V4.0.11 netstandard1.0 => C:\Nugetcache\System.Text.Encoding.Extensions.4.0.11\ref\netstandard1.0 [DotNetCompileTimeAssembly]
    | Microsoft.NETCore.Platforms => [1.0.1, ) [DotNetCompileTimeAssembly]
    | Microsoft.NETCore.Targets => [1.0.1, ) [DotNetCompileTimeAssembly]
    | System.Runtime       => [4.1.0, ) [DotNetCompileTimeAssembly]
    | System.Text.Encoding => [4.0.11, ) [DotNetCompileTimeAssembly]
System.Text.RegularExpressions V4.1.0 netstandard1.0 => C:\Nugetcache\System.Text.RegularExpressions.4.1.0\ref\netstandard1.0 [DotNetCompileTimeAssembly]
    | System.Runtime       => [4.1.0, ) [DotNetCompileTimeAssembly]
System.Threading V4.0.11 netstandard1.0  => C:\Nugetcache\System.Threading.4.0.11\ref\netstandard1.0 [DotNetCompileTimeAssembly]
    | System.Runtime       => [4.1.0, ) [DotNetCompileTimeAssembly]
    | System.Threading.Tasks => [4.0.11, ) [DotNetCompileTimeAssembly]
System.Xml.ReaderWriter V4.0.11 netstandard1.0 => C:\Nugetcache\System.Xml.ReaderWriter.4.0.11\ref\netstandard1.0 [DotNetCompileTimeAssembly]
    | System.IO            => [4.1.0, ) [DotNetCompileTimeAssembly]
    | System.Runtime       => [4.1.0, ) [DotNetCompileTimeAssembly]
    | System.Text.Encoding => [4.0.11, ) [DotNetCompileTimeAssembly]
    | System.Threading.Tasks => [4.0.11, ) [DotNetCompileTimeAssembly]
System.Xml.XDocument V4.0.11 netstandard1.0 => C:\Nugetcache\System.Xml.XDocument.4.0.11\ref\netstandard1.0 [DotNetCompileTimeAssembly]
    | System.IO            => [4.1.0, ) [DotNetCompileTimeAssembly]
    | System.Runtime       => [4.1.0, ) [DotNetCompileTimeAssembly]
    | System.Xml.ReaderWriter => [4.0.11, ) [DotNetCompileTimeAssembly]
NuGet.Common V5.8.1 netstandard2.0       => C:\Nugetcache\NuGet.Common.5.8.1\lib\netstandard2.0 [DotNetImplementationAssembly]
    | NuGet.Frameworks     => [5.8.1, ) [DotNetImplementationAssembly]
NuGet.Frameworks V5.8.1 netstandard2.0   => C:\Nugetcache\NuGet.Frameworks.5.8.1\lib\netstandard2.0 [DotNetImplementationAssembly]
NuGet.Packaging V5.8.1 netstandard2.0    => C:\Nugetcache\NuGet.Packaging.5.8.1\lib\netstandard2.0 [DotNetImplementationAssembly]
    | NuGet.Configuration  => [5.8.1, ) [DotNetImplementationAssembly]
    | NuGet.Versioning     => [5.8.1, ) [DotNetImplementationAssembly]
    | Newtonsoft.Json      => [9.0.1, ) [DotNetImplementationAssembly]
    | System.Security.Cryptography.Cng => [5.0.0, ) [DotNetImplementationAssembly]
    | System.Security.Cryptography.Pkcs => [5.0.0, ) [DotNetImplementationAssembly]
NuGet.Configuration V5.8.1 netstandard2.0 => C:\Nugetcache\NuGet.Configuration.5.8.1\lib\netstandard2.0 [DotNetImplementationAssembly]
    | NuGet.Common         => [5.8.1, ) [DotNetImplementationAssembly]
    | System.Security.Cryptography.ProtectedData => [4.4.0, ) [DotNetImplementationAssembly]
System.Security.Cryptography.ProtectedData V4.4.0 netstandard2.0 => C:\Nugetcache\System.Security.Cryptography.ProtectedData.4.4.0\lib\netstandard2.0 [DotNetImplementationAssembly]
NuGet.Versioning V5.8.1 netstandard2.0   => C:\Nugetcache\NuGet.Versioning.5.8.1\lib\netstandard2.0 [DotNetImplementationAssembly]
System.Security.Cryptography.Cng V5.0.0 netstandard2.0 => C:\Nugetcache\System.Security.Cryptography.Cng.5.0.0\lib\netstandard2.0 [DotNetImplementationAssembly]
System.Security.Cryptography.Pkcs V5.0.0 netstandard2.0 => C:\Nugetcache\System.Security.Cryptography.Pkcs.5.0.0\lib\netstandard2.0 [DotNetImplementationAssembly]
    | System.Buffers       => [4.5.1, ) [DotNetImplementationAssembly]
    | System.Formats.Asn1  => [5.0.0, ) [DotNetImplementationAssembly]
    | System.Memory        => [4.5.4, ) [DotNetImplementationAssembly]
    | System.Security.Cryptography.Cng => [5.0.0, ) [DotNetImplementationAssembly]
System.Buffers V4.5.1 netstandard2.0     => C:\Nugetcache\System.Buffers.4.5.1\lib\netstandard2.0 [DotNetImplementationAssembly]
System.Formats.Asn1 V5.0.0 netstandard2.0 => C:\Nugetcache\System.Formats.Asn1.5.0.0\lib\netstandard2.0 [DotNetImplementationAssembly]
    | System.Buffers       => [4.5.1, ) [DotNetImplementationAssembly]
    | System.Memory        => [4.5.4, ) [DotNetImplementationAssembly]
System.Memory V4.5.4 netstandard2.0      => C:\Nugetcache\System.Memory.4.5.4\lib\netstandard2.0 [DotNetImplementationAssembly]
    | System.Buffers       => [4.5.1, ) [DotNetImplementationAssembly]
    | System.Numerics.Vectors => [4.4.0, ) [DotNetImplementationAssembly]
    | System.Runtime.CompilerServices.Unsafe => [4.5.3, ) [DotNetImplementationAssembly]
System.Numerics.Vectors V4.4.0 netstandard2.0 => C:\Nugetcache\System.Numerics.Vectors.4.4.0\lib\netstandard2.0 [DotNetImplementationAssembly]
System.Runtime.CompilerServices.Unsafe V4.5.3 netstandard2.0 => C:\Nugetcache\System.Runtime.CompilerServices.Unsafe.4.5.3\lib\netstandard2.0 [DotNetImplementationAssembly]

NuGet packages required by the projects imported for debugging:

------------------------------------

Environment variables:

TestApp_Lib = <depends_on_the_installation>\slnlauncher\Test\Stimuli\TestApp\Lib
TestApp_Lib_framework = net48
TestApp_Lib_Test = <depends_on_the_installation>\slnlauncher\Test\Stimuli\TestApp\Lib\Test
TestApp_Lib_Test_framework = net48
TestApp_UiUnformattedProj = <depends_on_the_installation>\slnlauncher\Test\Stimuli\TestApp\Ui
TestApp_UiUnformattedProj_framework = net48
slnx = <depends_on_the_installation>\slnlauncher\Sources\Slnx
NUGET_ORG_URL = https://api.nuget.org/v3/index.json
MY_VAR = https://api.nuget.org/v3/index.json
Newtonsoft_Json = C:\Nugetcache\Newtonsoft.Json.9.0.1\lib\netstandard1.0
Newtonsoft_Json_version = 9.0.1
Newtonsoft_Json_framework = netstandard1.0
Microsoft_CSharp = C:\Nugetcache\Microsoft.CSharp.4.0.1\ref\netstandard1.0
Microsoft_CSharp_version = 4.0.1
Microsoft_CSharp_framework = netstandard1.0
System_Dynamic_Runtime = C:\Nugetcache\System.Dynamic.Runtime.4.0.11\ref\netstandard1.0
System_Dynamic_Runtime_version = 4.0.11
System_Dynamic_Runtime_framework = netstandard1.0
System_Linq_Expressions = C:\Nugetcache\System.Linq.Expressions.4.1.0\ref\netstandard1.0
System_Linq_Expressions_version = 4.1.0
System_Linq_Expressions_framework = netstandard1.0
System_Reflection = C:\Nugetcache\System.Reflection.4.1.0\ref\netstandard1.0
System_Reflection_version = 4.1.0
System_Reflection_framework = netstandard1.0
Microsoft_NETCore_Platforms = C:\Nugetcache\Microsoft.NETCore.Platforms.1.0.1\lib\netstandard1.0
Microsoft_NETCore_Platforms_version = 1.0.1
Microsoft_NETCore_Platforms_framework = netstandard1.0
Microsoft_NETCore_Targets = C:\Nugetcache\Microsoft.NETCore.Targets.1.0.1\lib\netstandard1.0
Microsoft_NETCore_Targets_version = 1.0.1
Microsoft_NETCore_Targets_framework = netstandard1.0
System_IO = C:\Nugetcache\System.IO.4.1.0\ref\netstandard1.0
System_IO_version = 4.1.0
System_IO_framework = netstandard1.0
System_Runtime = C:\Nugetcache\System.Runtime.4.1.0\ref\netstandard1.0
System_Runtime_version = 4.1.0
System_Runtime_framework = netstandard1.0
System_Text_Encoding = C:\Nugetcache\System.Text.Encoding.4.0.11\ref\netstandard1.0
System_Text_Encoding_version = 4.0.11
System_Text_Encoding_framework = netstandard1.0
System_Threading_Tasks = C:\Nugetcache\System.Threading.Tasks.4.0.11\ref\netstandard1.0
System_Threading_Tasks_version = 4.0.11
System_Threading_Tasks_framework = netstandard1.0
System_Reflection_Primitives = C:\Nugetcache\System.Reflection.Primitives.4.0.1\ref\netstandard1.0
System_Reflection_Primitives_version = 4.0.1
System_Reflection_Primitives_framework = netstandard1.0
System_ObjectModel = C:\Nugetcache\System.ObjectModel.4.0.12\ref\netstandard1.0
System_ObjectModel_version = 4.0.12
System_ObjectModel_framework = netstandard1.0
System_Collections = C:\Nugetcache\System.Collections.4.0.11\ref\netstandard1.0
System_Collections_version = 4.0.11
System_Collections_framework = netstandard1.0
System_Diagnostics_Debug = C:\Nugetcache\System.Diagnostics.Debug.4.0.11\ref\netstandard1.0
System_Diagnostics_Debug_version = 4.0.11
System_Diagnostics_Debug_framework = netstandard1.0
System_Globalization = C:\Nugetcache\System.Globalization.4.0.11\ref\netstandard1.0
System_Globalization_version = 4.0.11
System_Globalization_framework = netstandard1.0
System_Linq = C:\Nugetcache\System.Linq.4.1.0\ref\netstandard1.0
System_Linq_version = 4.1.0
System_Linq_framework = netstandard1.0
System_Reflection_Extensions = C:\Nugetcache\System.Reflection.Extensions.4.0.1\ref\netstandard1.0
System_Reflection_Extensions_version = 4.0.1
System_Reflection_Extensions_framework = netstandard1.0
System_Resources_ResourceManager = C:\Nugetcache\System.Resources.ResourceManager.4.0.1\ref\netstandard1.0
System_Resources_ResourceManager_version = 4.0.1
System_Resources_ResourceManager_framework = netstandard1.0
System_Runtime_Extensions = C:\Nugetcache\System.Runtime.Extensions.4.1.0\ref\netstandard1.0
System_Runtime_Extensions_version = 4.1.0
System_Runtime_Extensions_framework = netstandard1.0
System_Runtime_Serialization_Primitives = C:\Nugetcache\System.Runtime.Serialization.Primitives.4.1.1\ref\netstandard1.0
System_Runtime_Serialization_Primitives_version = 4.1.1
System_Runtime_Serialization_Primitives_framework = netstandard1.0
System_Text_Encoding_Extensions = C:\Nugetcache\System.Text.Encoding.Extensions.4.0.11\ref\netstandard1.0
System_Text_Encoding_Extensions_version = 4.0.11
System_Text_Encoding_Extensions_framework = netstandard1.0
System_Text_RegularExpressions = C:\Nugetcache\System.Text.RegularExpressions.4.1.0\ref\netstandard1.0
System_Text_RegularExpressions_version = 4.1.0
System_Text_RegularExpressions_framework = netstandard1.0
System_Threading = C:\Nugetcache\System.Threading.4.0.11\ref\netstandard1.0
System_Threading_version = 4.0.11
System_Threading_framework = netstandard1.0
System_Xml_ReaderWriter = C:\Nugetcache\System.Xml.ReaderWriter.4.0.11\ref\netstandard1.0
System_Xml_ReaderWriter_version = 4.0.11
System_Xml_ReaderWriter_framework = netstandard1.0
System_Xml_XDocument = C:\Nugetcache\System.Xml.XDocument.4.0.11\ref\netstandard1.0
System_Xml_XDocument_version = 4.0.11
System_Xml_XDocument_framework = netstandard1.0
NuGet_Common = C:\Nugetcache\NuGet.Common.5.8.1\lib\netstandard2.0
NuGet_Common_version = 5.8.1
NuGet_Common_framework = netstandard2.0
NuGet_Frameworks = C:\Nugetcache\NuGet.Frameworks.5.8.1\lib\netstandard2.0
NuGet_Frameworks_version = 5.8.1
NuGet_Frameworks_framework = netstandard2.0
NuGet_Packaging = C:\Nugetcache\NuGet.Packaging.5.8.1\lib\netstandard2.0
NuGet_Packaging_version = 5.8.1
NuGet_Packaging_framework = netstandard2.0
NuGet_Configuration = C:\Nugetcache\NuGet.Configuration.5.8.1\lib\netstandard2.0
NuGet_Configuration_version = 5.8.1
NuGet_Configuration_framework = netstandard2.0
System_Security_Cryptography_ProtectedData = C:\Nugetcache\System.Security.Cryptography.ProtectedData.4.4.0\lib\netstandard2.0
System_Security_Cryptography_ProtectedData_version = 4.4.0
System_Security_Cryptography_ProtectedData_framework = netstandard2.0
NuGet_Versioning = C:\Nugetcache\NuGet.Versioning.5.8.1\lib\netstandard2.0
NuGet_Versioning_version = 5.8.1
NuGet_Versioning_framework = netstandard2.0
System_Security_Cryptography_Cng = C:\Nugetcache\System.Security.Cryptography.Cng.5.0.0\lib\netstandard2.0
System_Security_Cryptography_Cng_version = 5.0.0
System_Security_Cryptography_Cng_framework = netstandard2.0
System_Security_Cryptography_Pkcs = C:\Nugetcache\System.Security.Cryptography.Pkcs.5.0.0\lib\netstandard2.0
System_Security_Cryptography_Pkcs_version = 5.0.0
System_Security_Cryptography_Pkcs_framework = netstandard2.0
System_Buffers = C:\Nugetcache\System.Buffers.4.5.1\lib\netstandard2.0
System_Buffers_version = 4.5.1
System_Buffers_framework = netstandard2.0
System_Formats_Asn1 = C:\Nugetcache\System.Formats.Asn1.5.0.0\lib\netstandard2.0
System_Formats_Asn1_version = 5.0.0
System_Formats_Asn1_framework = netstandard2.0
System_Memory = C:\Nugetcache\System.Memory.4.5.4\lib\netstandard2.0
System_Memory_version = 4.5.4
System_Memory_framework = netstandard2.0
System_Numerics_Vectors = C:\Nugetcache\System.Numerics.Vectors.4.4.0\lib\netstandard2.0
System_Numerics_Vectors_version = 4.4.0
System_Numerics_Vectors_framework = netstandard2.0
System_Runtime_CompilerServices_Unsafe = C:\Nugetcache\System.Runtime.CompilerServices.Unsafe.4.5.3\lib\netstandard2.0
System_Runtime_CompilerServices_Unsafe_version = 4.5.3
System_Runtime_CompilerServices_Unsafe_framework = netstandard2.0
