CS Projects:

ProjectNet45                             => <path-depends-on-test-agent>Test\Stimuli\Projects\ProjectNet45\ProjectNet45.csproj

CS Projects imported for debugging:

------------------------------------

NuGet packages:

MathNet.Numerics V4.15.0 net40           => C:\Nugetcache\MathNet.Numerics.4.15.0\lib\net40 [DotNetImplementationAssembly]
MathNet.Filtering V0.7.0 net40           => C:\Nugetcache\MathNet.Filtering.0.7.0\lib\net40 [DotNetImplementationAssembly]
    | MathNet.Numerics     => [4.9.1, ) [DotNetImplementationAssembly]
    | System.ValueTuple    => [4.5.0, ) [DotNetImplementationAssembly]
System.ValueTuple V4.5.0 portable-net40+sl4+win8+wp8 => C:\Nugetcache\System.ValueTuple.4.5.0\lib\portable-net40+sl4+win8+wp8 [DotNetImplementationAssembly]

NuGet packages required by the projects imported for debugging:

------------------------------------

Environment variables:

ProjectNet45 = <path-depends-on-test-agent>Test\Stimuli\Projects\ProjectNet45
ProjectNet45_framework = net45
slnx = <path-depends-on-test-agent>Sources\Slnx
NUGET_ORG_URL = https://api.nuget.org/v3/index.json
MathNet_Numerics = C:\Nugetcache\MathNet.Numerics.4.15.0\lib\net40
MathNet_Numerics_version = 4.15.0
MathNet_Numerics_framework = net40
MathNet_Filtering = C:\Nugetcache\MathNet.Filtering.0.7.0\lib\net40
MathNet_Filtering_version = 0.7.0
MathNet_Filtering_framework = net40
System_ValueTuple = C:\Nugetcache\System.ValueTuple.4.5.0\lib\portable-net40+sl4+win8+wp8
System_ValueTuple_version = 4.5.0
System_ValueTuple_framework = portable-net40+sl4+win8+wp8
